Archive member included to satisfy reference by file (symbol)

/home/laranja/gcc-arm-none-eabi-10.3-2021.10/bin/../lib/gcc/arm-none-eabi/10.3.1/../../../../arm-none-eabi/lib/thumb/v7-m/nofp/libg_nano.a(lib_a-itoa.o)
                              gcc/main.o (itoa)
/home/laranja/gcc-arm-none-eabi-10.3-2021.10/bin/../lib/gcc/arm-none-eabi/10.3.1/../../../../arm-none-eabi/lib/thumb/v7-m/nofp/libg_nano.a(lib_a-memset.o)
                              gcc/lcd.o (memset)
/home/laranja/gcc-arm-none-eabi-10.3-2021.10/bin/../lib/gcc/arm-none-eabi/10.3.1/../../../../arm-none-eabi/lib/thumb/v7-m/nofp/libg_nano.a(lib_a-utoa.o)
                              /home/laranja/gcc-arm-none-eabi-10.3-2021.10/bin/../lib/gcc/arm-none-eabi/10.3.1/../../../../arm-none-eabi/lib/thumb/v7-m/nofp/libg_nano.a(lib_a-itoa.o) (__utoa)

Discarded input sections

 .text          0x0000000000000000        0x0 gcc/lcd.o
 .data          0x0000000000000000        0x0 gcc/lcd.o
 .bss           0x0000000000000000        0x0 gcc/lcd.o
 .rodata.tablcdspecial
                0x0000000000000000       0x44 gcc/lcd.o
 .text.LCD_WriteAlphanumericDisplay
                0x0000000000000000       0x4e gcc/lcd.o
 .text.LCD_WriteNumericDisplay
                0x0000000000000000       0x4e gcc/lcd.o
 .text.LCD_WriteSegmentMask
                0x0000000000000000       0x9c gcc/lcd.o
 .text.LCD_WriteSegment2
                0x0000000000000000       0x48 gcc/lcd.o
 .text.LCD_WriteSegment
                0x0000000000000000       0x3c gcc/lcd.o
 .text.LCD_WriteSpecial
                0x0000000000000000      0x25c gcc/lcd.o
 .text.LCD_Freeze
                0x0000000000000000       0x1c gcc/lcd.o
 .text.LCD_Unfreeze
                0x0000000000000000       0x1c gcc/lcd.o
 .text          0x0000000000000000        0x0 gcc/main.o
 .data          0x0000000000000000        0x0 gcc/main.o
 .bss           0x0000000000000000        0x0 gcc/main.o
 .text          0x0000000000000000        0x0 gcc/startup_efm32gg.o
 .data          0x0000000000000000        0x0 gcc/startup_efm32gg.o
 .bss           0x0000000000000000        0x0 gcc/startup_efm32gg.o
 .text.SystemInit
                0x0000000000000000        0xc gcc/startup_efm32gg.o
 .text          0x0000000000000000        0x0 gcc/system_efm32gg.o
 .data          0x0000000000000000        0x0 gcc/system_efm32gg.o
 .bss           0x0000000000000000        0x0 gcc/system_efm32gg.o
 .text.SystemMaxCoreClockGet
                0x0000000000000000       0x14 gcc/system_efm32gg.o
 .text.SystemHFXOClockGet
                0x0000000000000000       0x14 gcc/system_efm32gg.o
 .text.SystemHFXOClockSet
                0x0000000000000000       0x30 gcc/system_efm32gg.o
 .text.SystemLFRCOClockGet
                0x0000000000000000       0x10 gcc/system_efm32gg.o
 .text.SystemULFRCOClockGet
                0x0000000000000000       0x10 gcc/system_efm32gg.o
 .text.SystemLFXOClockGet
                0x0000000000000000       0x14 gcc/system_efm32gg.o
 .text.SystemLFXOClockSet
                0x0000000000000000       0x30 gcc/system_efm32gg.o
 .text          0x0000000000000000        0x0 /home/laranja/gcc-arm-none-eabi-10.3-2021.10/bin/../lib/gcc/arm-none-eabi/10.3.1/../../../../arm-none-eabi/lib/thumb/v7-m/nofp/libg_nano.a(lib_a-itoa.o)
 .data          0x0000000000000000        0x0 /home/laranja/gcc-arm-none-eabi-10.3-2021.10/bin/../lib/gcc/arm-none-eabi/10.3.1/../../../../arm-none-eabi/lib/thumb/v7-m/nofp/libg_nano.a(lib_a-itoa.o)
 .bss           0x0000000000000000        0x0 /home/laranja/gcc-arm-none-eabi-10.3-2021.10/bin/../lib/gcc/arm-none-eabi/10.3.1/../../../../arm-none-eabi/lib/thumb/v7-m/nofp/libg_nano.a(lib_a-itoa.o)
 .text          0x0000000000000000        0x0 /home/laranja/gcc-arm-none-eabi-10.3-2021.10/bin/../lib/gcc/arm-none-eabi/10.3.1/../../../../arm-none-eabi/lib/thumb/v7-m/nofp/libg_nano.a(lib_a-memset.o)
 .data          0x0000000000000000        0x0 /home/laranja/gcc-arm-none-eabi-10.3-2021.10/bin/../lib/gcc/arm-none-eabi/10.3.1/../../../../arm-none-eabi/lib/thumb/v7-m/nofp/libg_nano.a(lib_a-memset.o)
 .bss           0x0000000000000000        0x0 /home/laranja/gcc-arm-none-eabi-10.3-2021.10/bin/../lib/gcc/arm-none-eabi/10.3.1/../../../../arm-none-eabi/lib/thumb/v7-m/nofp/libg_nano.a(lib_a-memset.o)
 .text          0x0000000000000000        0x0 /home/laranja/gcc-arm-none-eabi-10.3-2021.10/bin/../lib/gcc/arm-none-eabi/10.3.1/../../../../arm-none-eabi/lib/thumb/v7-m/nofp/libg_nano.a(lib_a-utoa.o)
 .data          0x0000000000000000        0x0 /home/laranja/gcc-arm-none-eabi-10.3-2021.10/bin/../lib/gcc/arm-none-eabi/10.3.1/../../../../arm-none-eabi/lib/thumb/v7-m/nofp/libg_nano.a(lib_a-utoa.o)
 .bss           0x0000000000000000        0x0 /home/laranja/gcc-arm-none-eabi-10.3-2021.10/bin/../lib/gcc/arm-none-eabi/10.3.1/../../../../arm-none-eabi/lib/thumb/v7-m/nofp/libg_nano.a(lib_a-utoa.o)
 .text.utoa     0x0000000000000000        0x4 /home/laranja/gcc-arm-none-eabi-10.3-2021.10/bin/../lib/gcc/arm-none-eabi/10.3.1/../../../../arm-none-eabi/lib/thumb/v7-m/nofp/libg_nano.a(lib_a-utoa.o)

Memory Configuration

Name             Origin             Length             Attributes
FLASH            0x0000000000000000 0x0000000000100000 xr
RAM              0x0000000020000000 0x0000000000020000 xrw
*default*        0x0000000000000000 0xffffffffffffffff

Linker script and memory map

LOAD gcc/lcd.o
LOAD gcc/main.o
LOAD gcc/startup_efm32gg.o
LOAD gcc/system_efm32gg.o
START GROUP
LOAD /home/laranja/gcc-arm-none-eabi-10.3-2021.10/bin/../lib/gcc/arm-none-eabi/10.3.1/thumb/v7-m/nofp/libgcc.a
LOAD /home/laranja/gcc-arm-none-eabi-10.3-2021.10/bin/../lib/gcc/arm-none-eabi/10.3.1/../../../../arm-none-eabi/lib/thumb/v7-m/nofp/libg_nano.a
LOAD /home/laranja/gcc-arm-none-eabi-10.3-2021.10/bin/../lib/gcc/arm-none-eabi/10.3.1/../../../../arm-none-eabi/lib/thumb/v7-m/nofp/libc_nano.a
END GROUP
START GROUP
LOAD /home/laranja/gcc-arm-none-eabi-10.3-2021.10/bin/../lib/gcc/arm-none-eabi/10.3.1/thumb/v7-m/nofp/libgcc.a
LOAD /home/laranja/gcc-arm-none-eabi-10.3-2021.10/bin/../lib/gcc/arm-none-eabi/10.3.1/../../../../arm-none-eabi/lib/thumb/v7-m/nofp/libc_nano.a
END GROUP

.text           0x0000000000000000     0x158d
 *(.vectors)
 .vectors       0x0000000000000000       0xdc gcc/startup_efm32gg.o
                0x0000000000000000                __Vectors
                0x00000000000000dc                __Vectors_End = .
                0x00000000000000dc                __Vectors_Size = (__Vectors_End - __Vectors)
                0x0000000020000010                __end__ = .
 *(.text*)
 .text.SetLFAClock
                0x00000000000000dc      0x1c0 gcc/lcd.o
                0x00000000000000dc                SetLFAClock
 .text.LCD_SetClock
                0x000000000000029c       0x64 gcc/lcd.o
                0x000000000000029c                LCD_SetClock
 .text.LCD_Init
                0x0000000000000300       0x1a gcc/lcd.o
                0x0000000000000300                LCD_Init
 *fill*         0x000000000000031a        0x2 
 .text.LCD_Config
                0x000000000000031c      0x12c gcc/lcd.o
                0x000000000000031c                LCD_Config
 .text.LCD_WriteChar
                0x0000000000000448      0x23c gcc/lcd.o
                0x0000000000000448                LCD_WriteChar
 .text.LCD_WriteString
                0x0000000000000684       0x4e gcc/lcd.o
                0x0000000000000684                LCD_WriteString
 *fill*         0x00000000000006d2        0x2 
 .text.LCD_ClearAll
                0x00000000000006d4       0x60 gcc/lcd.o
                0x00000000000006d4                LCD_ClearAll
 .text.LCD_SetAll
                0x0000000000000734       0x64 gcc/lcd.o
                0x0000000000000734                LCD_SetAll
 .text.ln2      0x0000000000000798       0x32 gcc/lcd.o
 *fill*         0x00000000000007ca        0x2 
 .text.LCD_SetVoltage
                0x00000000000007cc       0xbc gcc/lcd.o
                0x00000000000007cc                LCD_SetVoltage
 .text.LCD_SetContrast
                0x0000000000000888       0x48 gcc/lcd.o
                0x0000000000000888                LCD_SetContrast
 .text.NVIC_EnableIRQ
                0x00000000000008d0       0x30 gcc/main.o
 .text.Delay    0x0000000000000900       0x40 gcc/main.o
                0x0000000000000900                Delay
 .text.TIMER0_IRQHandler
                0x0000000000000940       0x28 gcc/main.o
                0x0000000000000940                TIMER0_IRQHandler
 .text.setupADC
                0x0000000000000968       0xb8 gcc/main.o
                0x0000000000000968                setupADC
 .text.setupLED
                0x0000000000000a20       0x7c gcc/main.o
                0x0000000000000a20                setupLED
 .text.main     0x0000000000000a9c       0xa4 gcc/main.o
                0x0000000000000a9c                main
 .text.Reset_Handler
                0x0000000000000b40       0x50 gcc/startup_efm32gg.o
                0x0000000000000b40                Reset_Handler
 .text._main    0x0000000000000b90        0xc gcc/startup_efm32gg.o
                0x0000000000000b90                _main
 .text.Default_Handler
                0x0000000000000b9c        0x6 gcc/startup_efm32gg.o
                0x0000000000000b9c                TIMER2_IRQHandler
                0x0000000000000b9c                DebugMon_Handler
                0x0000000000000b9c                USART0_TX_IRQHandler
                0x0000000000000b9c                I2C0_IRQHandler
                0x0000000000000b9c                HardFault_Handler
                0x0000000000000b9c                LEUART1_IRQHandler
                0x0000000000000b9c                SysTick_Handler
                0x0000000000000b9c                USART1_RX_IRQHandler
                0x0000000000000b9c                PendSV_Handler
                0x0000000000000b9c                NMI_Handler
                0x0000000000000b9c                I2C1_IRQHandler
                0x0000000000000b9c                TIMER3_IRQHandler
                0x0000000000000b9c                USART1_TX_IRQHandler
                0x0000000000000b9c                MSC_IRQHandler
                0x0000000000000b9c                ADC0_IRQHandler
                0x0000000000000b9c                UsageFault_Handler
                0x0000000000000b9c                LEUART0_IRQHandler
                0x0000000000000b9c                GPIO_EVEN_IRQHandler
                0x0000000000000b9c                UART0_TX_IRQHandler
                0x0000000000000b9c                UART1_TX_IRQHandler
                0x0000000000000b9c                RTC_IRQHandler
                0x0000000000000b9c                LCD_IRQHandler
                0x0000000000000b9c                PCNT2_IRQHandler
                0x0000000000000b9c                UART0_RX_IRQHandler
                0x0000000000000b9c                LETIMER0_IRQHandler
                0x0000000000000b9c                TIMER1_IRQHandler
                0x0000000000000b9c                USART2_RX_IRQHandler
                0x0000000000000b9c                Default_Handler
                0x0000000000000b9c                EMU_IRQHandler
                0x0000000000000b9c                PCNT0_IRQHandler
                0x0000000000000b9c                USB_IRQHandler
                0x0000000000000b9c                BURTC_IRQHandler
                0x0000000000000b9c                PCNT1_IRQHandler
                0x0000000000000b9c                ACMP0_IRQHandler
                0x0000000000000b9c                USART0_RX_IRQHandler
                0x0000000000000b9c                MemManage_Handler
                0x0000000000000b9c                SVC_Handler
                0x0000000000000b9c                DAC0_IRQHandler
                0x0000000000000b9c                UART1_RX_IRQHandler
                0x0000000000000b9c                CMU_IRQHandler
                0x0000000000000b9c                EBI_IRQHandler
                0x0000000000000b9c                LESENSE_IRQHandler
                0x0000000000000b9c                GPIO_ODD_IRQHandler
                0x0000000000000b9c                AES_IRQHandler
                0x0000000000000b9c                VCMP_IRQHandler
                0x0000000000000b9c                DMA_IRQHandler
                0x0000000000000b9c                BusFault_Handler
                0x0000000000000b9c                USART2_TX_IRQHandler
 *fill*         0x0000000000000ba2        0x2 
 .text.GetProdRev
                0x0000000000000ba4       0x18 gcc/system_efm32gg.o
 .text.SystemCoreClockGet
                0x0000000000000bbc       0x34 gcc/system_efm32gg.o
                0x0000000000000bbc                SystemCoreClockGet
 .text.SystemHFClockGet
                0x0000000000000bf0      0x118 gcc/system_efm32gg.o
                0x0000000000000bf0                SystemHFClockGet
 .text.SystemInit
                0x0000000000000d08        0xc gcc/system_efm32gg.o
                0x0000000000000d08                SystemInit
 .text.__itoa   0x0000000000000d14       0x30 /home/laranja/gcc-arm-none-eabi-10.3-2021.10/bin/../lib/gcc/arm-none-eabi/10.3.1/../../../../arm-none-eabi/lib/thumb/v7-m/nofp/libg_nano.a(lib_a-itoa.o)
                0x0000000000000d14                __itoa
 .text.itoa     0x0000000000000d44        0x4 /home/laranja/gcc-arm-none-eabi-10.3-2021.10/bin/../lib/gcc/arm-none-eabi/10.3.1/../../../../arm-none-eabi/lib/thumb/v7-m/nofp/libg_nano.a(lib_a-itoa.o)
                0x0000000000000d44                itoa
 .text.memset   0x0000000000000d48       0x10 /home/laranja/gcc-arm-none-eabi-10.3-2021.10/bin/../lib/gcc/arm-none-eabi/10.3.1/../../../../arm-none-eabi/lib/thumb/v7-m/nofp/libg_nano.a(lib_a-memset.o)
                0x0000000000000d48                memset
 .text.__utoa   0x0000000000000d58       0x84 /home/laranja/gcc-arm-none-eabi-10.3-2021.10/bin/../lib/gcc/arm-none-eabi/10.3.1/../../../../arm-none-eabi/lib/thumb/v7-m/nofp/libg_nano.a(lib_a-utoa.o)
                0x0000000000000d58                __utoa
 *(.init)
 *(.fini)
 *crtbegin.o(.ctors)
 *crtbegin?.o(.ctors)
 *(EXCLUDE_FILE(*crtend.o *crtend?.o) .ctors)
 *(SORT_BY_NAME(.ctors.*))
 *(.ctors)
 *crtbegin.o(.dtors)
 *crtbegin?.o(.dtors)
 *(EXCLUDE_FILE(*crtend.o *crtend?.o) .dtors)
 *(SORT_BY_NAME(.dtors.*))
 *(.dtors)
 *(.rodata*)
 .rodata.segments14forchar
                0x0000000000000ddc       0xc0 gcc/lcd.o
 .rodata.segments7forchar
                0x0000000000000e9c       0x60 gcc/lcd.o
 .rodata.tablcd
                0x0000000000000efc      0x1c2 gcc/lcd.o
 *fill*         0x00000000000010be        0x2 
 .rodata.seg_encoding
                0x00000000000010c0       0xa0 gcc/lcd.o
 .rodata.com_encoding
                0x0000000000001160        0x8 gcc/lcd.o
 .rodata.tablcdclear
                0x0000000000001168      0x3c0 gcc/lcd.o
 .rodata.segdatalow
                0x0000000000001528       0x20 gcc/lcd.o
                0x0000000000001528                segdatalow
 .rodata.segdatahigh
                0x0000000000001548       0x20 gcc/lcd.o
                0x0000000000001548                segdatahigh
 .rodata.__utoa.str1.1
                0x0000000000001568       0x25 /home/laranja/gcc-arm-none-eabi-10.3-2021.10/bin/../lib/gcc/arm-none-eabi/10.3.1/../../../../arm-none-eabi/lib/thumb/v7-m/nofp/libg_nano.a(lib_a-utoa.o)
 *(.eh_frame*)

.glue_7         0x0000000000001590        0x0
 .glue_7        0x0000000000001590        0x0 linker stubs

.glue_7t        0x0000000000001590        0x0
 .glue_7t       0x0000000000001590        0x0 linker stubs

.vfp11_veneer   0x0000000000001590        0x0
 .vfp11_veneer  0x0000000000001590        0x0 linker stubs

.v4_bx          0x0000000000001590        0x0
 .v4_bx         0x0000000000001590        0x0 linker stubs

.iplt           0x0000000000001590        0x0
 .iplt          0x0000000000001590        0x0 gcc/lcd.o

.rel.dyn        0x0000000000001590        0x0
 .rel.iplt      0x0000000000001590        0x0 gcc/lcd.o

.ARM.extab
 *(.ARM.extab* .gnu.linkonce.armextab.*)
                0x000000000000158d                __exidx_start = .

.ARM.exidx
 *(.ARM.exidx* .gnu.linkonce.armexidx.*)
                0x000000000000158d                __exidx_end = .
                0x000000000000158d                __etext = .

.data           0x0000000020000000        0x8 load address 0x000000000000158d
                0x0000000020000000                __data_start__ = .
 *(vtable)
 *(.data*)
 .data.SystemHFXOClock
                0x0000000020000000        0x4 gcc/system_efm32gg.o
 .data.SystemLFXOClock
                0x0000000020000004        0x4 gcc/system_efm32gg.o
                0x0000000020000008                . = ALIGN (0x4)
 *(.ram)
                0x0000000020000008                . = ALIGN (0x4)
                [!provide]                        PROVIDE (__preinit_array_start = .)
 *(.preinit_array)
                [!provide]                        PROVIDE (__preinit_array_end = .)
                0x0000000020000008                . = ALIGN (0x4)
                [!provide]                        PROVIDE (__init_array_start = .)
 *(SORT_BY_NAME(.init_array.*))
 *(.init_array)
                [!provide]                        PROVIDE (__init_array_end = .)
                0x0000000020000008                . = ALIGN (0x4)
                [!provide]                        PROVIDE (__fini_array_start = .)
 *(SORT_BY_NAME(.fini_array.*))
 *(.fini_array)
                [!provide]                        PROVIDE (__fini_array_end = .)
 *(.jcr*)
                0x0000000020000008                . = ALIGN (0x4)
                0x0000000020000008                __data_end__ = .

.igot.plt       0x0000000020000008        0x0 load address 0x0000000000001598
 .igot.plt      0x0000000020000008        0x0 gcc/lcd.o

.bss            0x0000000020000008        0x8 load address 0x0000000000001598
                0x0000000020000008                . = ALIGN (0x4)
                0x0000000020000008                __bss_start__ = .
 *(.bss*)
 .bss.lcdclock_set
                0x0000000020000008        0x1 gcc/lcd.o
 *fill*         0x0000000020000009        0x1 
 .bss.ms_counter
                0x000000002000000a        0x2 gcc/main.o
                0x000000002000000a                ms_counter
 .bss.SystemCoreClock
                0x000000002000000c        0x4 gcc/system_efm32gg.o
                0x000000002000000c                SystemCoreClock
 *(COMMON)
                0x0000000020000010                . = ALIGN (0x4)
                0x0000000020000010                __bss_end__ = .

.heap           0x0000000020000010      0xc00
                0x0000000020000010                __HeapBase = .
                0x0000000020000010                __end__ = .
                0x0000000020000010                end = __end__
                0x0000000020000010                _end = __end__
 *(.heap*)
 .heap          0x0000000020000010      0xc00 gcc/startup_efm32gg.o
                0x0000000020000c10                __HeapLimit = .

.stack_dummy    0x0000000020000c10      0x400
 *(.stack*)
 .stack         0x0000000020000c10      0x400 gcc/startup_efm32gg.o
                0x0000000020020000                __StackTop = (ORIGIN (RAM) + LENGTH (RAM))
                0x000000002001fc00                __StackLimit = (__StackTop - SIZEOF (.stack_dummy))
                [!provide]                        PROVIDE (__stack = __StackTop)
                0x0000000000000001                ASSERT ((__StackLimit >= __HeapLimit), region RAM overflowed with stack)
                0x0000000000000001                ASSERT ((LENGTH (FLASH) >= (__etext + SIZEOF (.data))), FLASH memory overflowed !)
OUTPUT(gcc/blink1.axf elf32-littlearm)
LOAD linker stubs

.debug_info     0x0000000000000000     0x20c4
 .debug_info    0x0000000000000000      0xe28 gcc/lcd.o
 .debug_info    0x0000000000000e28      0xbb7 gcc/main.o
 .debug_info    0x00000000000019df      0x1e1 gcc/startup_efm32gg.o
 .debug_info    0x0000000000001bc0      0x504 gcc/system_efm32gg.o

.debug_abbrev   0x0000000000000000      0x6a6
 .debug_abbrev  0x0000000000000000      0x1f0 gcc/lcd.o
 .debug_abbrev  0x00000000000001f0      0x236 gcc/main.o
 .debug_abbrev  0x0000000000000426       0xfb gcc/startup_efm32gg.o
 .debug_abbrev  0x0000000000000521      0x185 gcc/system_efm32gg.o

.debug_aranges  0x0000000000000000      0x1a0
 .debug_aranges
                0x0000000000000000       0xb0 gcc/lcd.o
 .debug_aranges
                0x00000000000000b0       0x48 gcc/main.o
 .debug_aranges
                0x00000000000000f8       0x38 gcc/startup_efm32gg.o
 .debug_aranges
                0x0000000000000130       0x70 gcc/system_efm32gg.o

.debug_ranges   0x0000000000000000      0x160
 .debug_ranges  0x0000000000000000       0xa0 gcc/lcd.o
 .debug_ranges  0x00000000000000a0       0x38 gcc/main.o
 .debug_ranges  0x00000000000000d8       0x28 gcc/startup_efm32gg.o
 .debug_ranges  0x0000000000000100       0x60 gcc/system_efm32gg.o

.debug_line     0x0000000000000000     0x11b5
 .debug_line    0x0000000000000000      0x94f gcc/lcd.o
 .debug_line    0x000000000000094f      0x3ed gcc/main.o
 .debug_line    0x0000000000000d3c      0x16e gcc/startup_efm32gg.o
 .debug_line    0x0000000000000eaa      0x30b gcc/system_efm32gg.o

.debug_str      0x0000000000000000      0xdd9
 .debug_str     0x0000000000000000      0x6bf gcc/lcd.o
                                        0x726 (size before relaxing)
 .debug_str     0x00000000000006bf      0x4de gcc/main.o
                                        0x78b (size before relaxing)
 .debug_str     0x0000000000000b9d       0xc9 gcc/startup_efm32gg.o
                                        0x1f8 (size before relaxing)
 .debug_str     0x0000000000000c66      0x173 gcc/system_efm32gg.o
                                        0x400 (size before relaxing)

.comment        0x0000000000000000       0x49
 .comment       0x0000000000000000       0x49 gcc/lcd.o
                                         0x4a (size before relaxing)
 .comment       0x0000000000000049       0x4a gcc/main.o
 .comment       0x0000000000000049       0x4a gcc/startup_efm32gg.o
 .comment       0x0000000000000049       0x4a gcc/system_efm32gg.o

.ARM.attributes
                0x0000000000000000       0x2d
 .ARM.attributes
                0x0000000000000000       0x2d gcc/lcd.o
 .ARM.attributes
                0x000000000000002d       0x2d gcc/main.o
 .ARM.attributes
                0x000000000000005a       0x2d gcc/startup_efm32gg.o
 .ARM.attributes
                0x0000000000000087       0x2d gcc/system_efm32gg.o
 .ARM.attributes
                0x00000000000000b4       0x2d /home/laranja/gcc-arm-none-eabi-10.3-2021.10/bin/../lib/gcc/arm-none-eabi/10.3.1/../../../../arm-none-eabi/lib/thumb/v7-m/nofp/libg_nano.a(lib_a-itoa.o)
 .ARM.attributes
                0x00000000000000e1       0x2d /home/laranja/gcc-arm-none-eabi-10.3-2021.10/bin/../lib/gcc/arm-none-eabi/10.3.1/../../../../arm-none-eabi/lib/thumb/v7-m/nofp/libg_nano.a(lib_a-memset.o)
 .ARM.attributes
                0x000000000000010e       0x2d /home/laranja/gcc-arm-none-eabi-10.3-2021.10/bin/../lib/gcc/arm-none-eabi/10.3.1/../../../../arm-none-eabi/lib/thumb/v7-m/nofp/libg_nano.a(lib_a-utoa.o)

.debug_frame    0x0000000000000000      0x64c
 .debug_frame   0x0000000000000000      0x2d8 gcc/lcd.o
 .debug_frame   0x00000000000002d8       0xdc gcc/main.o
 .debug_frame   0x00000000000003b4       0x78 gcc/startup_efm32gg.o
 .debug_frame   0x000000000000042c      0x180 gcc/system_efm32gg.o
 .debug_frame   0x00000000000005ac       0x38 /home/laranja/gcc-arm-none-eabi-10.3-2021.10/bin/../lib/gcc/arm-none-eabi/10.3.1/../../../../arm-none-eabi/lib/thumb/v7-m/nofp/libg_nano.a(lib_a-itoa.o)
 .debug_frame   0x00000000000005e4       0x20 /home/laranja/gcc-arm-none-eabi-10.3-2021.10/bin/../lib/gcc/arm-none-eabi/10.3.1/../../../../arm-none-eabi/lib/thumb/v7-m/nofp/libg_nano.a(lib_a-memset.o)
 .debug_frame   0x0000000000000604       0x48 /home/laranja/gcc-arm-none-eabi-10.3-2021.10/bin/../lib/gcc/arm-none-eabi/10.3.1/../../../../arm-none-eabi/lib/thumb/v7-m/nofp/libg_nano.a(lib_a-utoa.o)
